// Jest Snapshot v1, https://goo.gl/fbAQLP

exports[`Admin snap shot 1`] = `
<div>
  <div
    class="MuiContainer-root MuiContainer-maxWidthLg css-1g0jujm-MuiContainer-root"
  >
    <h2
      class="MuiTypography-root MuiTypography-h2 css-4w8q6y-MuiTypography-root"
    >
      Admin
    </h2>
    <div
      class="MuiFormControl-root MuiFormControl-fullWidth MuiTextField-root css-wb57ya-MuiFormControl-root-MuiTextField-root"
    >
      <label
        class="MuiInputLabel-root MuiInputLabel-formControl MuiInputLabel-animated MuiInputLabel-outlined MuiFormLabel-root MuiFormLabel-colorPrimary css-14s5rfu-MuiFormLabel-root-MuiInputLabel-root"
        data-shrink="false"
        for="slots"
        id="slots-label"
      >
        Enter Number of Slots
      </label>
      <div
        class="MuiOutlinedInput-root MuiInputBase-root MuiInputBase-colorPrimary MuiInputBase-fullWidth MuiInputBase-formControl css-md26zr-MuiInputBase-root-MuiOutlinedInput-root"
      >
        <input
          aria-invalid="false"
          class="MuiOutlinedInput-input MuiInputBase-input css-1t8l2tu-MuiInputBase-input-MuiOutlinedInput-input"
          data-testid=" parking-create-text-input"
          id="slots"
          type="text"
          value=""
        />
        <fieldset
          aria-hidden="true"
          class="MuiOutlinedInput-notchedOutline css-1d3z3hw-MuiOutlinedInput-notchedOutline"
        >
          <legend
            class="css-1ftyaf0"
          >
            <span>
              Enter Number of Slots
            </span>
          </legend>
        </fieldset>
      </div>
    </div>
    <button
      class="MuiButton-root MuiButton-contained MuiButton-containedPrimary MuiButton-sizeMedium MuiButton-containedSizeMedium MuiButtonBase-root  css-s3awaj-MuiButtonBase-root-MuiButton-root"
      data-testid="parking-create-submit-button"
      tabindex="0"
      type="button"
    >
      Submit
      <span
        class="MuiTouchRipple-root css-8je8zh-MuiTouchRipple-root"
      />
    </button>
  </div>
</div>
`;
